>type Query {
#^^^^ source.graphql meta.type.interface.graphql keyword.type.graphql
#    ^ source.graphql meta.type.interface.graphql
#     ^^^^^ source.graphql meta.type.interface.graphql support.type.graphql
#          ^ source.graphql meta.type.interface.graphql meta.type.object.graphql
#           ^ source.graphql meta.type.interface.graphql meta.type.object.graphql punctuation.operation.graphql
>  post(id: ID!): Post
#^^ source.graphql meta.type.interface.graphql meta.type.object.graphql
#  ^^^^ source.graphql meta.type.interface.graphql meta.type.object.graphql variable.graphql
#      ^ source.graphql meta.type.interface.graphql meta.type.object.graphql meta.brace.round.graphql
#       ^^ source.graphql meta.type.interface.graphql meta.type.object.graphql meta.variables.graphql variable.parameter.graphql
#         ^ source.graphql meta.type.interface.graphql meta.type.object.graphql meta.variables.graphql punctuation.colon.graphql
#          ^ source.graphql meta.type.interface.graphql meta.type.object.graphql meta.variables.graphql
#           ^^ source.graphql meta.type.interface.graphql meta.type.object.graphql meta.variables.graphql support.type.builtin.graphql
#             ^ source.graphql meta.type.interface.graphql meta.type.object.graphql meta.variables.graphql keyword.operator.nulltype.graphql
#              ^ source.graphql meta.type.interface.graphql meta.type.object.graphql meta.brace.round.graphql
#               ^ source.graphql meta.type.interface.graphql meta.type.object.graphql punctuation.colon.graphql
#                ^ source.graphql meta.type.interface.graphql meta.type.object.graphql
#                 ^^^^ source.graphql meta.type.interface.graphql meta.type.object.graphql support.type.graphql
>    @connect(
#^^^^ source.graphql meta.type.interface.graphql meta.type.object.graphql
#    ^^^^^^^^ source.graphql meta.type.interface.graphql meta.type.object.graphql meta.embedded.block.directive.graphql entity.name.function.directive.connect.graphql
#            ^ source.graphql meta.type.interface.graphql meta.type.object.graphql meta.embedded.block.directive.graphql meta.arguments.connect.graphql meta.brace.round.directive.graphql
>      source: "jsonPlaceholder"
#^^^^^^ source.graphql meta.type.interface.graphql meta.type.object.graphql meta.embedded.block.directive.graphql meta.arguments.connect.graphql
#      ^^^^^^ source.graphql meta.type.interface.graphql meta.type.object.graphql meta.embedded.block.directive.graphql meta.arguments.connect.graphql variable.parameter.graphql
#            ^ source.graphql meta.type.interface.graphql meta.type.object.graphql meta.embedded.block.directive.graphql meta.arguments.connect.graphql punctuation.colon.graphql
#             ^ source.graphql meta.type.interface.graphql meta.type.object.graphql meta.embedded.block.directive.graphql meta.arguments.connect.graphql
#              ^ source.graphql meta.type.interface.graphql meta.type.object.graphql meta.embedded.block.directive.graphql meta.arguments.connect.graphql string.quoted.double.graphql punctuation.definition.string.begin.graphql
#               ^^^^^^^^^^^^^^^ source.graphql meta.type.interface.graphql meta.type.object.graphql meta.embedded.block.directive.graphql meta.arguments.connect.graphql string.quoted.double.graphql
#                              ^ source.graphql meta.type.interface.graphql meta.type.object.graphql meta.embedded.block.directive.graphql meta.arguments.connect.graphql string.quoted.double.graphql punctuation.definition.string.end.graphql
>      http: {
#^^^^^^ source.graphql meta.type.interface.graphql meta.type.object.graphql meta.embedded.block.directive.graphql meta.arguments.connect.graphql meta.argument.connect.http.graphql
#      ^^^^ source.graphql meta.type.interface.graphql meta.type.object.graphql meta.embedded.block.directive.graphql meta.arguments.connect.graphql meta.argument.connect.http.graphql variable.parameter.graphql
#          ^ source.graphql meta.type.interface.graphql meta.type.object.graphql meta.embedded.block.directive.graphql meta.arguments.connect.graphql meta.argument.connect.http.graphql punctuation.colon.graphql
#           ^ source.graphql meta.type.interface.graphql meta.type.object.graphql meta.embedded.block.directive.graphql meta.arguments.connect.graphql meta.argument.connect.http.graphql meta.objectvalues.connect.http.graphql
#            ^ source.graphql meta.type.interface.graphql meta.type.object.graphql meta.embedded.block.directive.graphql meta.arguments.connect.graphql meta.argument.connect.http.graphql meta.objectvalues.connect.http.graphql meta.brace.curly.graphql
>        GET: "/posts/{$args.id}"
#^^^^^^^^ source.graphql meta.type.interface.graphql meta.type.object.graphql meta.embedded.block.directive.graphql meta.arguments.connect.graphql meta.argument.connect.http.graphql meta.objectvalues.connect.http.graphql meta.argument.connect.string.jsonselection.graphql
#        ^^^ source.graphql meta.type.interface.graphql meta.type.object.graphql meta.embedded.block.directive.graphql meta.arguments.connect.graphql meta.argument.connect.http.graphql meta.objectvalues.connect.http.graphql meta.argument.connect.string.jsonselection.graphql variable.parameter.graphql
#           ^ source.graphql meta.type.interface.graphql meta.type.object.graphql meta.embedded.block.directive.graphql meta.arguments.connect.graphql meta.argument.connect.http.graphql meta.objectvalues.connect.http.graphql meta.argument.connect.string.jsonselection.graphql punctuation.colon.graphql
#            ^ source.graphql meta.type.interface.graphql meta.type.object.graphql meta.embedded.block.directive.graphql meta.arguments.connect.graphql meta.argument.connect.http.graphql meta.objectvalues.connect.http.graphql meta.argument.connect.string.jsonselection.graphql meta.embedded.block.string.jsonselection.graphql
#             ^ source.graphql meta.type.interface.graphql meta.type.object.graphql meta.embedded.block.directive.graphql meta.arguments.connect.graphql meta.argument.connect.http.graphql meta.objectvalues.connect.http.graphql meta.argument.connect.string.jsonselection.graphql meta.embedded.block.string.jsonselection.graphql string.quoted.double.graphql punctuation.definition.string.begin.graphql
#              ^^^^^^^ source.graphql meta.type.interface.graphql meta.type.object.graphql meta.embedded.block.directive.graphql meta.arguments.connect.graphql meta.argument.connect.http.graphql meta.objectvalues.connect.http.graphql meta.argument.connect.string.jsonselection.graphql meta.embedded.block.string.jsonselection.graphql string.quoted.JSONSelectionString
#                     ^ source.graphql meta.type.interface.graphql meta.type.object.graphql meta.embedded.block.directive.graphql meta.arguments.connect.graphql meta.argument.connect.http.graphql meta.objectvalues.connect.http.graphql meta.argument.connect.string.jsonselection.graphql meta.embedded.block.string.jsonselection.graphql string.quoted.JSONSelectionString meta.JSONSelectionString.embedded punctuation.JSONSelectionString.open
#                      ^ source.graphql meta.type.interface.graphql meta.type.object.graphql meta.embedded.block.directive.graphql meta.arguments.connect.graphql meta.argument.connect.http.graphql meta.objectvalues.connect.http.graphql meta.argument.connect.string.jsonselection.graphql meta.embedded.block.string.jsonselection.graphql string.quoted.JSONSelectionString meta.JSONSelectionString.embedded variable.ExprPath.dollar
#                       ^^^^ source.graphql meta.type.interface.graphql meta.type.object.graphql meta.embedded.block.directive.graphql meta.arguments.connect.graphql meta.argument.connect.http.graphql meta.objectvalues.connect.http.graphql meta.argument.connect.string.jsonselection.graphql meta.embedded.block.string.jsonselection.graphql string.quoted.JSONSelectionString meta.JSONSelectionString.embedded variable.KeyPath.key.identifier
#                           ^ source.graphql meta.type.interface.graphql meta.type.object.graphql meta.embedded.block.directive.graphql meta.arguments.connect.graphql meta.argument.connect.http.graphql meta.objectvalues.connect.http.graphql meta.argument.connect.string.jsonselection.graphql meta.embedded.block.string.jsonselection.graphql string.quoted.JSONSelectionString meta.JSONSelectionString.embedded variable.PathStep.dot
#                            ^^ source.graphql meta.type.interface.graphql meta.type.object.graphql meta.embedded.block.directive.graphql meta.arguments.connect.graphql meta.argument.connect.http.graphql meta.objectvalues.connect.http.graphql meta.argument.connect.string.jsonselection.graphql meta.embedded.block.string.jsonselection.graphql string.quoted.JSONSelectionString meta.JSONSelectionString.embedded variable.PathStep.key.identifier
#                              ^ source.graphql meta.type.interface.graphql meta.type.object.graphql meta.embedded.block.directive.graphql meta.arguments.connect.graphql meta.argument.connect.http.graphql meta.objectvalues.connect.http.graphql meta.argument.connect.string.jsonselection.graphql meta.embedded.block.string.jsonselection.graphql string.quoted.JSONSelectionString meta.JSONSelectionString.embedded punctuation.JSONSelectionString.close
#                               ^ source.graphql meta.type.interface.graphql meta.type.object.graphql meta.embedded.block.directive.graphql meta.arguments.connect.graphql meta.argument.connect.http.graphql meta.objectvalues.connect.http.graphql meta.argument.connect.string.jsonselection.graphql meta.embedded.block.string.jsonselection.graphql string.quoted.double.graphql
>        POST: "/posts/{$args.id}"
#^^^^^^^^ source.graphql meta.type.interface.graphql meta.type.object.graphql meta.embedded.block.directive.graphql meta.arguments.connect.graphql meta.argument.connect.http.graphql meta.objectvalues.connect.http.graphql meta.argument.connect.string.jsonselection.graphql
#        ^^^^ source.graphql meta.type.interface.graphql meta.type.object.graphql meta.embedded.block.directive.graphql meta.arguments.connect.graphql meta.argument.connect.http.graphql meta.objectvalues.connect.http.graphql meta.argument.connect.string.jsonselection.graphql variable.parameter.graphql
#            ^ source.graphql meta.type.interface.graphql meta.type.object.graphql meta.embedded.block.directive.graphql meta.arguments.connect.graphql meta.argument.connect.http.graphql meta.objectvalues.connect.http.graphql meta.argument.connect.string.jsonselection.graphql punctuation.colon.graphql
#             ^ source.graphql meta.type.interface.graphql meta.type.object.graphql meta.embedded.block.directive.graphql meta.arguments.connect.graphql meta.argument.connect.http.graphql meta.objectvalues.connect.http.graphql meta.argument.connect.string.jsonselection.graphql meta.embedded.block.string.jsonselection.graphql
#              ^ source.graphql meta.type.interface.graphql meta.type.object.graphql meta.embedded.block.directive.graphql meta.arguments.connect.graphql meta.argument.connect.http.graphql meta.objectvalues.connect.http.graphql meta.argument.connect.string.jsonselection.graphql meta.embedded.block.string.jsonselection.graphql string.quoted.double.graphql punctuation.definition.string.begin.graphql
#               ^^^^^^^ source.graphql meta.type.interface.graphql meta.type.object.graphql meta.embedded.block.directive.graphql meta.arguments.connect.graphql meta.argument.connect.http.graphql meta.objectvalues.connect.http.graphql meta.argument.connect.string.jsonselection.graphql meta.embedded.block.string.jsonselection.graphql string.quoted.JSONSelectionString
#                      ^ source.graphql meta.type.interface.graphql meta.type.object.graphql meta.embedded.block.directive.graphql meta.arguments.connect.graphql meta.argument.connect.http.graphql meta.objectvalues.connect.http.graphql meta.argument.connect.string.jsonselection.graphql meta.embedded.block.string.jsonselection.graphql string.quoted.JSONSelectionString meta.JSONSelectionString.embedded punctuation.JSONSelectionString.open
#                       ^ source.graphql meta.type.interface.graphql meta.type.object.graphql meta.embedded.block.directive.graphql meta.arguments.connect.graphql meta.argument.connect.http.graphql meta.objectvalues.connect.http.graphql meta.argument.connect.string.jsonselection.graphql meta.embedded.block.string.jsonselection.graphql string.quoted.JSONSelectionString meta.JSONSelectionString.embedded variable.ExprPath.dollar
#                        ^^^^ source.graphql meta.type.interface.graphql meta.type.object.graphql meta.embedded.block.directive.graphql meta.arguments.connect.graphql meta.argument.connect.http.graphql meta.objectvalues.connect.http.graphql meta.argument.connect.string.jsonselection.graphql meta.embedded.block.string.jsonselection.graphql string.quoted.JSONSelectionString meta.JSONSelectionString.embedded variable.KeyPath.key.identifier
#                            ^ source.graphql meta.type.interface.graphql meta.type.object.graphql meta.embedded.block.directive.graphql meta.arguments.connect.graphql meta.argument.connect.http.graphql meta.objectvalues.connect.http.graphql meta.argument.connect.string.jsonselection.graphql meta.embedded.block.string.jsonselection.graphql string.quoted.JSONSelectionString meta.JSONSelectionString.embedded variable.PathStep.dot
#                             ^^ source.graphql meta.type.interface.graphql meta.type.object.graphql meta.embedded.block.directive.graphql meta.arguments.connect.graphql meta.argument.connect.http.graphql meta.objectvalues.connect.http.graphql meta.argument.connect.string.jsonselection.graphql meta.embedded.block.string.jsonselection.graphql string.quoted.JSONSelectionString meta.JSONSelectionString.embedded variable.PathStep.key.identifier
#                               ^ source.graphql meta.type.interface.graphql meta.type.object.graphql meta.embedded.block.directive.graphql meta.arguments.connect.graphql meta.argument.connect.http.graphql meta.objectvalues.connect.http.graphql meta.argument.connect.string.jsonselection.graphql meta.embedded.block.string.jsonselection.graphql string.quoted.JSONSelectionString meta.JSONSelectionString.embedded punctuation.JSONSelectionString.close
#                                ^ source.graphql meta.type.interface.graphql meta.type.object.graphql meta.embedded.block.directive.graphql meta.arguments.connect.graphql meta.argument.connect.http.graphql meta.objectvalues.connect.http.graphql meta.argument.connect.string.jsonselection.graphql meta.embedded.block.string.jsonselection.graphql string.quoted.double.graphql
>        PATCH: "/posts/{$args.id}"
#^^^^^^^^ source.graphql meta.type.interface.graphql meta.type.object.graphql meta.embedded.block.directive.graphql meta.arguments.connect.graphql meta.argument.connect.http.graphql meta.objectvalues.connect.http.graphql meta.argument.connect.string.jsonselection.graphql
#        ^^^^^ source.graphql meta.type.interface.graphql meta.type.object.graphql meta.embedded.block.directive.graphql meta.arguments.connect.graphql meta.argument.connect.http.graphql meta.objectvalues.connect.http.graphql meta.argument.connect.string.jsonselection.graphql variable.parameter.graphql
#             ^ source.graphql meta.type.interface.graphql meta.type.object.graphql meta.embedded.block.directive.graphql meta.arguments.connect.graphql meta.argument.connect.http.graphql meta.objectvalues.connect.http.graphql meta.argument.connect.string.jsonselection.graphql punctuation.colon.graphql
#              ^ source.graphql meta.type.interface.graphql meta.type.object.graphql meta.embedded.block.directive.graphql meta.arguments.connect.graphql meta.argument.connect.http.graphql meta.objectvalues.connect.http.graphql meta.argument.connect.string.jsonselection.graphql meta.embedded.block.string.jsonselection.graphql
#               ^ source.graphql meta.type.interface.graphql meta.type.object.graphql meta.embedded.block.directive.graphql meta.arguments.connect.graphql meta.argument.connect.http.graphql meta.objectvalues.connect.http.graphql meta.argument.connect.string.jsonselection.graphql meta.embedded.block.string.jsonselection.graphql string.quoted.double.graphql punctuation.definition.string.begin.graphql
#                ^^^^^^^ source.graphql meta.type.interface.graphql meta.type.object.graphql meta.embedded.block.directive.graphql meta.arguments.connect.graphql meta.argument.connect.http.graphql meta.objectvalues.connect.http.graphql meta.argument.connect.string.jsonselection.graphql meta.embedded.block.string.jsonselection.graphql string.quoted.JSONSelectionString
#                       ^ source.graphql meta.type.interface.graphql meta.type.object.graphql meta.embedded.block.directive.graphql meta.arguments.connect.graphql meta.argument.connect.http.graphql meta.objectvalues.connect.http.graphql meta.argument.connect.string.jsonselection.graphql meta.embedded.block.string.jsonselection.graphql string.quoted.JSONSelectionString meta.JSONSelectionString.embedded punctuation.JSONSelectionString.open
#                        ^ source.graphql meta.type.interface.graphql meta.type.object.graphql meta.embedded.block.directive.graphql meta.arguments.connect.graphql meta.argument.connect.http.graphql meta.objectvalues.connect.http.graphql meta.argument.connect.string.jsonselection.graphql meta.embedded.block.string.jsonselection.graphql string.quoted.JSONSelectionString meta.JSONSelectionString.embedded variable.ExprPath.dollar
#                         ^^^^ source.graphql meta.type.interface.graphql meta.type.object.graphql meta.embedded.block.directive.graphql meta.arguments.connect.graphql meta.argument.connect.http.graphql meta.objectvalues.connect.http.graphql meta.argument.connect.string.jsonselection.graphql meta.embedded.block.string.jsonselection.graphql string.quoted.JSONSelectionString meta.JSONSelectionString.embedded variable.KeyPath.key.identifier
#                             ^ source.graphql meta.type.interface.graphql meta.type.object.graphql meta.embedded.block.directive.graphql meta.arguments.connect.graphql meta.argument.connect.http.graphql meta.objectvalues.connect.http.graphql meta.argument.connect.string.jsonselection.graphql meta.embedded.block.string.jsonselection.graphql string.quoted.JSONSelectionString meta.JSONSelectionString.embedded variable.PathStep.dot
#                              ^^ source.graphql meta.type.interface.graphql meta.type.object.graphql meta.embedded.block.directive.graphql meta.arguments.connect.graphql meta.argument.connect.http.graphql meta.objectvalues.connect.http.graphql meta.argument.connect.string.jsonselection.graphql meta.embedded.block.string.jsonselection.graphql string.quoted.JSONSelectionString meta.JSONSelectionString.embedded variable.PathStep.key.identifier
#                                ^ source.graphql meta.type.interface.graphql meta.type.object.graphql meta.embedded.block.directive.graphql meta.arguments.connect.graphql meta.argument.connect.http.graphql meta.objectvalues.connect.http.graphql meta.argument.connect.string.jsonselection.graphql meta.embedded.block.string.jsonselection.graphql string.quoted.JSONSelectionString meta.JSONSelectionString.embedded punctuation.JSONSelectionString.close
#                                 ^ source.graphql meta.type.interface.graphql meta.type.object.graphql meta.embedded.block.directive.graphql meta.arguments.connect.graphql meta.argument.connect.http.graphql meta.objectvalues.connect.http.graphql meta.argument.connect.string.jsonselection.graphql meta.embedded.block.string.jsonselection.graphql string.quoted.double.graphql
>        DELETE: "/posts/{$args.id}"
#^^^^^^^^ source.graphql meta.type.interface.graphql meta.type.object.graphql meta.embedded.block.directive.graphql meta.arguments.connect.graphql meta.argument.connect.http.graphql meta.objectvalues.connect.http.graphql meta.argument.connect.string.jsonselection.graphql
#        ^^^^^^ source.graphql meta.type.interface.graphql meta.type.object.graphql meta.embedded.block.directive.graphql meta.arguments.connect.graphql meta.argument.connect.http.graphql meta.objectvalues.connect.http.graphql meta.argument.connect.string.jsonselection.graphql variable.parameter.graphql
#              ^ source.graphql meta.type.interface.graphql meta.type.object.graphql meta.embedded.block.directive.graphql meta.arguments.connect.graphql meta.argument.connect.http.graphql meta.objectvalues.connect.http.graphql meta.argument.connect.string.jsonselection.graphql punctuation.colon.graphql
#               ^ source.graphql meta.type.interface.graphql meta.type.object.graphql meta.embedded.block.directive.graphql meta.arguments.connect.graphql meta.argument.connect.http.graphql meta.objectvalues.connect.http.graphql meta.argument.connect.string.jsonselection.graphql meta.embedded.block.string.jsonselection.graphql
#                ^ source.graphql meta.type.interface.graphql meta.type.object.graphql meta.embedded.block.directive.graphql meta.arguments.connect.graphql meta.argument.connect.http.graphql meta.objectvalues.connect.http.graphql meta.argument.connect.string.jsonselection.graphql meta.embedded.block.string.jsonselection.graphql string.quoted.double.graphql punctuation.definition.string.begin.graphql
#                 ^^^^^^^ source.graphql meta.type.interface.graphql meta.type.object.graphql meta.embedded.block.directive.graphql meta.arguments.connect.graphql meta.argument.connect.http.graphql meta.objectvalues.connect.http.graphql meta.argument.connect.string.jsonselection.graphql meta.embedded.block.string.jsonselection.graphql string.quoted.JSONSelectionString
#                        ^ source.graphql meta.type.interface.graphql meta.type.object.graphql meta.embedded.block.directive.graphql meta.arguments.connect.graphql meta.argument.connect.http.graphql meta.objectvalues.connect.http.graphql meta.argument.connect.string.jsonselection.graphql meta.embedded.block.string.jsonselection.graphql string.quoted.JSONSelectionString meta.JSONSelectionString.embedded punctuation.JSONSelectionString.open
#                         ^ source.graphql meta.type.interface.graphql meta.type.object.graphql meta.embedded.block.directive.graphql meta.arguments.connect.graphql meta.argument.connect.http.graphql meta.objectvalues.connect.http.graphql meta.argument.connect.string.jsonselection.graphql meta.embedded.block.string.jsonselection.graphql string.quoted.JSONSelectionString meta.JSONSelectionString.embedded variable.ExprPath.dollar
#                          ^^^^ source.graphql meta.type.interface.graphql meta.type.object.graphql meta.embedded.block.directive.graphql meta.arguments.connect.graphql meta.argument.connect.http.graphql meta.objectvalues.connect.http.graphql meta.argument.connect.string.jsonselection.graphql meta.embedded.block.string.jsonselection.graphql string.quoted.JSONSelectionString meta.JSONSelectionString.embedded variable.KeyPath.key.identifier
#                              ^ source.graphql meta.type.interface.graphql meta.type.object.graphql meta.embedded.block.directive.graphql meta.arguments.connect.graphql meta.argument.connect.http.graphql meta.objectvalues.connect.http.graphql meta.argument.connect.string.jsonselection.graphql meta.embedded.block.string.jsonselection.graphql string.quoted.JSONSelectionString meta.JSONSelectionString.embedded variable.PathStep.dot
#                               ^^ source.graphql meta.type.interface.graphql meta.type.object.graphql meta.embedded.block.directive.graphql meta.arguments.connect.graphql meta.argument.connect.http.graphql meta.objectvalues.connect.http.graphql meta.argument.connect.string.jsonselection.graphql meta.embedded.block.string.jsonselection.graphql string.quoted.JSONSelectionString meta.JSONSelectionString.embedded variable.PathStep.key.identifier
#                                 ^ source.graphql meta.type.interface.graphql meta.type.object.graphql meta.embedded.block.directive.graphql meta.arguments.connect.graphql meta.argument.connect.http.graphql meta.objectvalues.connect.http.graphql meta.argument.connect.string.jsonselection.graphql meta.embedded.block.string.jsonselection.graphql string.quoted.JSONSelectionString meta.JSONSelectionString.embedded punctuation.JSONSelectionString.close
#                                  ^ source.graphql meta.type.interface.graphql meta.type.object.graphql meta.embedded.block.directive.graphql meta.arguments.connect.graphql meta.argument.connect.http.graphql meta.objectvalues.connect.http.graphql meta.argument.connect.string.jsonselection.graphql meta.embedded.block.string.jsonselection.graphql string.quoted.double.graphql
>        PUT: "/posts/{$args.id}"
#^^^^^^^^ source.graphql meta.type.interface.graphql meta.type.object.graphql meta.embedded.block.directive.graphql meta.arguments.connect.graphql meta.argument.connect.http.graphql meta.objectvalues.connect.http.graphql meta.argument.connect.string.jsonselection.graphql
#        ^^^ source.graphql meta.type.interface.graphql meta.type.object.graphql meta.embedded.block.directive.graphql meta.arguments.connect.graphql meta.argument.connect.http.graphql meta.objectvalues.connect.http.graphql meta.argument.connect.string.jsonselection.graphql variable.parameter.graphql
#           ^ source.graphql meta.type.interface.graphql meta.type.object.graphql meta.embedded.block.directive.graphql meta.arguments.connect.graphql meta.argument.connect.http.graphql meta.objectvalues.connect.http.graphql meta.argument.connect.string.jsonselection.graphql punctuation.colon.graphql
#            ^ source.graphql meta.type.interface.graphql meta.type.object.graphql meta.embedded.block.directive.graphql meta.arguments.connect.graphql meta.argument.connect.http.graphql meta.objectvalues.connect.http.graphql meta.argument.connect.string.jsonselection.graphql meta.embedded.block.string.jsonselection.graphql
#             ^ source.graphql meta.type.interface.graphql meta.type.object.graphql meta.embedded.block.directive.graphql meta.arguments.connect.graphql meta.argument.connect.http.graphql meta.objectvalues.connect.http.graphql meta.argument.connect.string.jsonselection.graphql meta.embedded.block.string.jsonselection.graphql string.quoted.double.graphql punctuation.definition.string.begin.graphql
#              ^^^^^^^ source.graphql meta.type.interface.graphql meta.type.object.graphql meta.embedded.block.directive.graphql meta.arguments.connect.graphql meta.argument.connect.http.graphql meta.objectvalues.connect.http.graphql meta.argument.connect.string.jsonselection.graphql meta.embedded.block.string.jsonselection.graphql string.quoted.JSONSelectionString
#                     ^ source.graphql meta.type.interface.graphql meta.type.object.graphql meta.embedded.block.directive.graphql meta.arguments.connect.graphql meta.argument.connect.http.graphql meta.objectvalues.connect.http.graphql meta.argument.connect.string.jsonselection.graphql meta.embedded.block.string.jsonselection.graphql string.quoted.JSONSelectionString meta.JSONSelectionString.embedded punctuation.JSONSelectionString.open
#                      ^ source.graphql meta.type.interface.graphql meta.type.object.graphql meta.embedded.block.directive.graphql meta.arguments.connect.graphql meta.argument.connect.http.graphql meta.objectvalues.connect.http.graphql meta.argument.connect.string.jsonselection.graphql meta.embedded.block.string.jsonselection.graphql string.quoted.JSONSelectionString meta.JSONSelectionString.embedded variable.ExprPath.dollar
#                       ^^^^ source.graphql meta.type.interface.graphql meta.type.object.graphql meta.embedded.block.directive.graphql meta.arguments.connect.graphql meta.argument.connect.http.graphql meta.objectvalues.connect.http.graphql meta.argument.connect.string.jsonselection.graphql meta.embedded.block.string.jsonselection.graphql string.quoted.JSONSelectionString meta.JSONSelectionString.embedded variable.KeyPath.key.identifier
#                           ^ source.graphql meta.type.interface.graphql meta.type.object.graphql meta.embedded.block.directive.graphql meta.arguments.connect.graphql meta.argument.connect.http.graphql meta.objectvalues.connect.http.graphql meta.argument.connect.string.jsonselection.graphql meta.embedded.block.string.jsonselection.graphql string.quoted.JSONSelectionString meta.JSONSelectionString.embedded variable.PathStep.dot
#                            ^^ source.graphql meta.type.interface.graphql meta.type.object.graphql meta.embedded.block.directive.graphql meta.arguments.connect.graphql meta.argument.connect.http.graphql meta.objectvalues.connect.http.graphql meta.argument.connect.string.jsonselection.graphql meta.embedded.block.string.jsonselection.graphql string.quoted.JSONSelectionString meta.JSONSelectionString.embedded variable.PathStep.key.identifier
#                              ^ source.graphql meta.type.interface.graphql meta.type.object.graphql meta.embedded.block.directive.graphql meta.arguments.connect.graphql meta.argument.connect.http.graphql meta.objectvalues.connect.http.graphql meta.argument.connect.string.jsonselection.graphql meta.embedded.block.string.jsonselection.graphql string.quoted.JSONSelectionString meta.JSONSelectionString.embedded punctuation.JSONSelectionString.close
#                               ^ source.graphql meta.type.interface.graphql meta.type.object.graphql meta.embedded.block.directive.graphql meta.arguments.connect.graphql meta.argument.connect.http.graphql meta.objectvalues.connect.http.graphql meta.argument.connect.string.jsonselection.graphql meta.embedded.block.string.jsonselection.graphql string.quoted.double.graphql
>        body: """
#^^^^^^^^ source.graphql meta.type.interface.graphql meta.type.object.graphql meta.embedded.block.directive.graphql meta.arguments.connect.graphql meta.argument.connect.http.graphql meta.objectvalues.connect.http.graphql meta.argument.connect.body.jsonselection.graphql
#        ^^^^ source.graphql meta.type.interface.graphql meta.type.object.graphql meta.embedded.block.directive.graphql meta.arguments.connect.graphql meta.argument.connect.http.graphql meta.objectvalues.connect.http.graphql meta.argument.connect.body.jsonselection.graphql variable.parameter.graphql
#            ^ source.graphql meta.type.interface.graphql meta.type.object.graphql meta.embedded.block.directive.graphql meta.arguments.connect.graphql meta.argument.connect.http.graphql meta.objectvalues.connect.http.graphql meta.argument.connect.body.jsonselection.graphql punctuation.colon.graphql
#             ^ source.graphql meta.type.interface.graphql meta.type.object.graphql meta.embedded.block.directive.graphql meta.arguments.connect.graphql meta.argument.connect.http.graphql meta.objectvalues.connect.http.graphql meta.argument.connect.body.jsonselection.graphql
#              ^^^ source.graphql meta.type.interface.graphql meta.type.object.graphql meta.embedded.block.directive.graphql meta.arguments.connect.graphql meta.argument.connect.http.graphql meta.objectvalues.connect.http.graphql meta.argument.connect.body.jsonselection.graphql string.quoted.double.graphql punctuation.definition.string.begin.graphql
>        listing: {
#^^^^^^^^ source.graphql meta.type.interface.graphql meta.type.object.graphql meta.embedded.block.directive.graphql meta.arguments.connect.graphql meta.argument.connect.http.graphql meta.objectvalues.connect.http.graphql meta.argument.connect.body.jsonselection.graphql
#        ^^^^^^^ source.graphql meta.type.interface.graphql meta.type.object.graphql meta.embedded.block.directive.graphql meta.arguments.connect.graphql meta.argument.connect.http.graphql meta.objectvalues.connect.http.graphql meta.argument.connect.body.jsonselection.graphql string.unquoted.NamedPathSelection.alias
#               ^ source.graphql meta.type.interface.graphql meta.type.object.graphql meta.embedded.block.directive.graphql meta.arguments.connect.graphql meta.argument.connect.http.graphql meta.objectvalues.connect.http.graphql meta.argument.connect.body.jsonselection.graphql punctuation.colon.NamedPathSelection
#                ^^ source.graphql meta.type.interface.graphql meta.type.object.graphql meta.embedded.block.directive.graphql meta.arguments.connect.graphql meta.argument.connect.http.graphql meta.objectvalues.connect.http.graphql meta.argument.connect.body.jsonselection.graphql
>          title: $args.input.title
#^^^^^^^^^^ source.graphql meta.type.interface.graphql meta.type.object.graphql meta.embedded.block.directive.graphql meta.arguments.connect.graphql meta.argument.connect.http.graphql meta.objectvalues.connect.http.graphql meta.argument.connect.body.jsonselection.graphql
#          ^^^^^ source.graphql meta.type.interface.graphql meta.type.object.graphql meta.embedded.block.directive.graphql meta.arguments.connect.graphql meta.argument.connect.http.graphql meta.objectvalues.connect.http.graphql meta.argument.connect.body.jsonselection.graphql string.unquoted.NamedPathSelection.alias
#               ^ source.graphql meta.type.interface.graphql meta.type.object.graphql meta.embedded.block.directive.graphql meta.arguments.connect.graphql meta.argument.connect.http.graphql meta.objectvalues.connect.http.graphql meta.argument.connect.body.jsonselection.graphql punctuation.colon.NamedPathSelection
#                ^ source.graphql meta.type.interface.graphql meta.type.object.graphql meta.embedded.block.directive.graphql meta.arguments.connect.graphql meta.argument.connect.http.graphql meta.objectvalues.connect.http.graphql meta.argument.connect.body.jsonselection.graphql
#                 ^ source.graphql meta.type.interface.graphql meta.type.object.graphql meta.embedded.block.directive.graphql meta.arguments.connect.graphql meta.argument.connect.http.graphql meta.objectvalues.connect.http.graphql meta.argument.connect.body.jsonselection.graphql variable.ExprPath.dollar
#                  ^^^^ source.graphql meta.type.interface.graphql meta.type.object.graphql meta.embedded.block.directive.graphql meta.arguments.connect.graphql meta.argument.connect.http.graphql meta.objectvalues.connect.http.graphql meta.argument.connect.body.jsonselection.graphql variable.NamedFieldSelection.key
#                      ^ source.graphql meta.type.interface.graphql meta.type.object.graphql meta.embedded.block.directive.graphql meta.arguments.connect.graphql meta.argument.connect.http.graphql meta.objectvalues.connect.http.graphql meta.argument.connect.body.jsonselection.graphql
#                       ^^^^^ source.graphql meta.type.interface.graphql meta.type.object.graphql meta.embedded.block.directive.graphql meta.arguments.connect.graphql meta.argument.connect.http.graphql meta.objectvalues.connect.http.graphql meta.argument.connect.body.jsonselection.graphql variable.NamedFieldSelection.key
#                            ^ source.graphql meta.type.interface.graphql meta.type.object.graphql meta.embedded.block.directive.graphql meta.arguments.connect.graphql meta.argument.connect.http.graphql meta.objectvalues.connect.http.graphql meta.argument.connect.body.jsonselection.graphql
#                             ^^^^^ source.graphql meta.type.interface.graphql meta.type.object.graphql meta.embedded.block.directive.graphql meta.arguments.connect.graphql meta.argument.connect.http.graphql meta.objectvalues.connect.http.graphql meta.argument.connect.body.jsonselection.graphql variable.NamedFieldSelection.key
>        }
#^^^^^^^^^ source.graphql meta.type.interface.graphql meta.type.object.graphql meta.embedded.block.directive.graphql meta.arguments.connect.graphql meta.argument.connect.http.graphql meta.objectvalues.connect.http.graphql meta.argument.connect.body.jsonselection.graphql
>        """
#^^^^^^^^ source.graphql meta.type.interface.graphql meta.type.object.graphql meta.embedded.block.directive.graphql meta.arguments.connect.graphql meta.argument.connect.http.graphql meta.objectvalues.connect.http.graphql meta.argument.connect.body.jsonselection.graphql
#        ^^^ source.graphql meta.type.interface.graphql meta.type.object.graphql meta.embedded.block.directive.graphql meta.arguments.connect.graphql meta.argument.connect.http.graphql meta.objectvalues.connect.http.graphql meta.argument.connect.body.jsonselection.graphql string.quoted.double.graphql punctuation.definition.string.end.graphql
>      }
#^^^^^^ source.graphql meta.type.interface.graphql meta.type.object.graphql meta.embedded.block.directive.graphql meta.arguments.connect.graphql meta.argument.connect.http.graphql meta.objectvalues.connect.http.graphql
#      ^ source.graphql meta.type.interface.graphql meta.type.object.graphql meta.embedded.block.directive.graphql meta.arguments.connect.graphql meta.argument.connect.http.graphql meta.objectvalues.connect.http.graphql meta.brace.curly.graphql
>      selection: """
#^^^^^^ source.graphql meta.type.interface.graphql meta.type.object.graphql meta.embedded.block.directive.graphql meta.arguments.connect.graphql meta.argument.connect.jsonselection.graphql
#      ^^^^^^^^^ source.graphql meta.type.interface.graphql meta.type.object.graphql meta.embedded.block.directive.graphql meta.arguments.connect.graphql meta.argument.connect.jsonselection.graphql variable.parameter.graphql
#               ^ source.graphql meta.type.interface.graphql meta.type.object.graphql meta.embedded.block.directive.graphql meta.arguments.connect.graphql meta.argument.connect.jsonselection.graphql punctuation.colon.graphql
#                ^ source.graphql meta.type.interface.graphql meta.type.object.graphql meta.embedded.block.directive.graphql meta.arguments.connect.graphql meta.argument.connect.jsonselection.graphql
#                 ^^^ source.graphql meta.type.interface.graphql meta.type.object.graphql meta.embedded.block.directive.graphql meta.arguments.connect.graphql meta.argument.connect.jsonselection.graphql string.quoted.double.graphql punctuation.definition.string.begin.graphql
>      foo: bar
#^^^^^^ source.graphql meta.type.interface.graphql meta.type.object.graphql meta.embedded.block.directive.graphql meta.arguments.connect.graphql meta.argument.connect.jsonselection.graphql meta.embedded.block.jsonselection.graphql
#      ^^^ source.graphql meta.type.interface.graphql meta.type.object.graphql meta.embedded.block.directive.graphql meta.arguments.connect.graphql meta.argument.connect.jsonselection.graphql meta.embedded.block.jsonselection.graphql string.unquoted.NamedFieldSelection.alias
#         ^ source.graphql meta.type.interface.graphql meta.type.object.graphql meta.embedded.block.directive.graphql meta.arguments.connect.graphql meta.argument.connect.jsonselection.graphql meta.embedded.block.jsonselection.graphql punctuation.colon.NamedFieldSelection
#          ^ source.graphql meta.type.interface.graphql meta.type.object.graphql meta.embedded.block.directive.graphql meta.arguments.connect.graphql meta.argument.connect.jsonselection.graphql meta.embedded.block.jsonselection.graphql
#           ^^^ source.graphql meta.type.interface.graphql meta.type.object.graphql meta.embedded.block.directive.graphql meta.arguments.connect.graphql meta.argument.connect.jsonselection.graphql meta.embedded.block.jsonselection.graphql variable.NamedFieldSelection.key
>      $.root {
#^^^^^^ source.graphql meta.type.interface.graphql meta.type.object.graphql meta.embedded.block.directive.graphql meta.arguments.connect.graphql meta.argument.connect.jsonselection.graphql meta.embedded.block.jsonselection.graphql
#      ^ source.graphql meta.type.interface.graphql meta.type.object.graphql meta.embedded.block.directive.graphql meta.arguments.connect.graphql meta.argument.connect.jsonselection.graphql meta.embedded.block.jsonselection.graphql variable.ExprPath.dollar
#       ^ source.graphql meta.type.interface.graphql meta.type.object.graphql meta.embedded.block.directive.graphql meta.arguments.connect.graphql meta.argument.connect.jsonselection.graphql meta.embedded.block.jsonselection.graphql variable.PathStep.dot
#        ^^^^ source.graphql meta.type.interface.graphql meta.type.object.graphql meta.embedded.block.directive.graphql meta.arguments.connect.graphql meta.argument.connect.jsonselection.graphql meta.embedded.block.jsonselection.graphql variable.PathStep.key.identifier
#            ^^ source.graphql meta.type.interface.graphql meta.type.object.graphql meta.embedded.block.directive.graphql meta.arguments.connect.graphql meta.argument.connect.jsonselection.graphql meta.embedded.block.jsonselection.graphql
>        a
#^^^^^^^^ source.graphql meta.type.interface.graphql meta.type.object.graphql meta.embedded.block.directive.graphql meta.arguments.connect.graphql meta.argument.connect.jsonselection.graphql meta.embedded.block.jsonselection.graphql
#        ^ source.graphql meta.type.interface.graphql meta.type.object.graphql meta.embedded.block.directive.graphql meta.arguments.connect.graphql meta.argument.connect.jsonselection.graphql meta.embedded.block.jsonselection.graphql variable.NamedFieldSelection.key
>      }
#^^^^^^^ source.graphql meta.type.interface.graphql meta.type.object.graphql meta.embedded.block.directive.graphql meta.arguments.connect.graphql meta.argument.connect.jsonselection.graphql meta.embedded.block.jsonselection.graphql
>      """
#^^^^^^ source.graphql meta.type.interface.graphql meta.type.object.graphql meta.embedded.block.directive.graphql meta.arguments.connect.graphql meta.argument.connect.jsonselection.graphql meta.embedded.block.jsonselection.graphql
#      ^^^ source.graphql meta.type.interface.graphql meta.type.object.graphql meta.embedded.block.directive.graphql meta.arguments.connect.graphql meta.argument.connect.jsonselection.graphql string.quoted.double.graphql punctuation.definition.string.end.graphql
>    )
#^^^^ source.graphql meta.type.interface.graphql meta.type.object.graphql meta.embedded.block.directive.graphql meta.arguments.connect.graphql
#    ^ source.graphql meta.type.interface.graphql meta.type.object.graphql meta.embedded.block.directive.graphql meta.arguments.connect.graphql meta.brace.round.directive.graphql
>}
#^ source.graphql meta.type.interface.graphql meta.type.object.graphql punctuation.operation.graphql
>