>// prettier-ignore
#^^^^^^^^^^^^^^^^^^^ inline.graphql
>{
#^^ inline.graphql
>const _1 = /* GraphQL */`query {test}`;
#^^^^^^^^^^^ inline.graphql
#           ^^^^^^^^^^^^^ inline.graphql apollo.commentWithTemplate comment.block.js
#                        ^ inline.graphql apollo.commentWithTemplate punctuation.definition.string.template.begin.js
#                         ^^^^^ inline.graphql apollo.commentWithTemplate meta.embedded.block.graphql keyword.operation.graphql
#                              ^ inline.graphql apollo.commentWithTemplate meta.embedded.block.graphql meta.selectionset.graphql
#                               ^ inline.graphql apollo.commentWithTemplate meta.embedded.block.graphql meta.selectionset.graphql punctuation.operation.graphql
#                                ^^^^ inline.graphql apollo.commentWithTemplate meta.embedded.block.graphql meta.selectionset.graphql variable.graphql
#                                    ^ inline.graphql apollo.commentWithTemplate meta.embedded.block.graphql meta.selectionset.graphql punctuation.operation.graphql
#                                     ^ inline.graphql apollo.commentWithTemplate punctuation.definition.string.template.end.js
#                                      ^^ inline.graphql
>const _2 =
#^^^^^^^^^^^ inline.graphql
>/* GraphQL */`
#^^^^^^^^^^^^^ inline.graphql apollo.commentWithTemplate comment.block.js
#             ^ inline.graphql apollo.commentWithTemplate punctuation.definition.string.template.begin.js
>query {
#^^^^^ inline.graphql apollo.commentWithTemplate meta.embedded.block.graphql keyword.operation.graphql
#     ^ inline.graphql apollo.commentWithTemplate meta.embedded.block.graphql meta.selectionset.graphql
#      ^ inline.graphql apollo.commentWithTemplate meta.embedded.block.graphql meta.selectionset.graphql punctuation.operation.graphql
>  test
#^^ inline.graphql apollo.commentWithTemplate meta.embedded.block.graphql meta.selectionset.graphql
#  ^^^^ inline.graphql apollo.commentWithTemplate meta.embedded.block.graphql meta.selectionset.graphql variable.graphql
>}
#^ inline.graphql apollo.commentWithTemplate meta.embedded.block.graphql meta.selectionset.graphql punctuation.operation.graphql
>`;
#^ inline.graphql apollo.commentWithTemplate punctuation.definition.string.template.end.js
# ^^ inline.graphql
>}
#^^ inline.graphql
>
>/* GraphQL */ `query {test}`;
#^^^^^^^^^^^^^ inline.graphql apollo.commentWithTemplate comment.block.js
#             ^ inline.graphql apollo.commentWithTemplate
#              ^ inline.graphql apollo.commentWithTemplate punctuation.definition.string.template.begin.js
#               ^^^^^ inline.graphql apollo.commentWithTemplate meta.embedded.block.graphql keyword.operation.graphql
#                    ^ inline.graphql apollo.commentWithTemplate meta.embedded.block.graphql meta.selectionset.graphql
#                     ^ inline.graphql apollo.commentWithTemplate meta.embedded.block.graphql meta.selectionset.graphql punctuation.operation.graphql
#                      ^^^^ inline.graphql apollo.commentWithTemplate meta.embedded.block.graphql meta.selectionset.graphql variable.graphql
#                          ^ inline.graphql apollo.commentWithTemplate meta.embedded.block.graphql meta.selectionset.graphql punctuation.operation.graphql
#                           ^ inline.graphql apollo.commentWithTemplate punctuation.definition.string.template.end.js
#                            ^^ inline.graphql
>/*GraphQL*/ `query {test}`;
#^^^^^^^^^^^ inline.graphql apollo.commentWithTemplate comment.block.js
#           ^ inline.graphql apollo.commentWithTemplate
#            ^ inline.graphql apollo.commentWithTemplate punctuation.definition.string.template.begin.js
#             ^^^^^ inline.graphql apollo.commentWithTemplate meta.embedded.block.graphql keyword.operation.graphql
#                  ^ inline.graphql apollo.commentWithTemplate meta.embedded.block.graphql meta.selectionset.graphql
#                   ^ inline.graphql apollo.commentWithTemplate meta.embedded.block.graphql meta.selectionset.graphql punctuation.operation.graphql
#                    ^^^^ inline.graphql apollo.commentWithTemplate meta.embedded.block.graphql meta.selectionset.graphql variable.graphql
#                        ^ inline.graphql apollo.commentWithTemplate meta.embedded.block.graphql meta.selectionset.graphql punctuation.operation.graphql
#                         ^ inline.graphql apollo.commentWithTemplate punctuation.definition.string.template.end.js
#                          ^^ inline.graphql
>/** GraphQL */ `query {test}`;
#^^^^^^^^^^^^^^ inline.graphql apollo.commentWithTemplate comment.block.js
#              ^ inline.graphql apollo.commentWithTemplate
#               ^ inline.graphql apollo.commentWithTemplate punctuation.definition.string.template.begin.js
#                ^^^^^ inline.graphql apollo.commentWithTemplate meta.embedded.block.graphql keyword.operation.graphql
#                     ^ inline.graphql apollo.commentWithTemplate meta.embedded.block.graphql meta.selectionset.graphql
#                      ^ inline.graphql apollo.commentWithTemplate meta.embedded.block.graphql meta.selectionset.graphql punctuation.operation.graphql
#                       ^^^^ inline.graphql apollo.commentWithTemplate meta.embedded.block.graphql meta.selectionset.graphql variable.graphql
#                           ^ inline.graphql apollo.commentWithTemplate meta.embedded.block.graphql meta.selectionset.graphql punctuation.operation.graphql
#                            ^ inline.graphql apollo.commentWithTemplate punctuation.definition.string.template.end.js
#                             ^^ inline.graphql
>/**
#^^^^ inline.graphql
> * GraphQL
#^^^^^^^^^^^ inline.graphql
> */ `query {test}`;
#^^^^^^^^^^^^^^^^^^^^ inline.graphql
>
>/* GraphQL */
#^^^^^^^^^^^^^^ inline.graphql
>`query {test}`;
#^^^^^^^^^^^^^^^^ inline.graphql
>
>const _3 = /* GraphQL */ `
#^^^^^^^^^^^ inline.graphql
#           ^^^^^^^^^^^^^ inline.graphql apollo.commentWithTemplate comment.block.js
#                        ^ inline.graphql apollo.commentWithTemplate
#                         ^ inline.graphql apollo.commentWithTemplate punctuation.definition.string.template.begin.js
>  query {
#^^ inline.graphql apollo.commentWithTemplate meta.embedded.block.graphql
#  ^^^^^ inline.graphql apollo.commentWithTemplate meta.embedded.block.graphql keyword.operation.graphql
#       ^ inline.graphql apollo.commentWithTemplate meta.embedded.block.graphql meta.selectionset.graphql
#        ^ inline.graphql apollo.commentWithTemplate meta.embedded.block.graphql meta.selectionset.graphql punctuation.operation.graphql
>    test
#^^^^ inline.graphql apollo.commentWithTemplate meta.embedded.block.graphql meta.selectionset.graphql
#    ^^^^ inline.graphql apollo.commentWithTemplate meta.embedded.block.graphql meta.selectionset.graphql variable.graphql
>  }
#^^ inline.graphql apollo.commentWithTemplate meta.embedded.block.graphql meta.selectionset.graphql
#  ^ inline.graphql apollo.commentWithTemplate meta.embedded.block.graphql meta.selectionset.graphql punctuation.operation.graphql
>`;
#^ inline.graphql apollo.commentWithTemplate punctuation.definition.string.template.end.js
# ^^ inline.graphql
>
>/* graphql */
#^^^^^^^^^^^^^^ inline.graphql
>`query {test}`;
#^^^^^^^^^^^^^^^^ inline.graphql
>
>/* gql */
#^^^^^^^^^^ inline.graphql
>`query {test}`;
#^^^^^^^^^^^^^^^^ inline.graphql
>